ExBudget {exBudgetCPU = ExCPU 267696206, exBudgetMemory = ExMemory 835152}