ExBudget {exBudgetCPU = ExCPU 583579916, exBudgetMemory = ExMemory 2883254}