ExBudget {exBudgetCPU = ExCPU 83192992, exBudgetMemory = ExMemory 369692}