ExBudget {exBudgetCPU = ExCPU 883922086, exBudgetMemory = ExMemory 4412224}